
> next-app@0.1.0 build
> next build

  Ôľ▓ Next.js 14.2.35
  - Environments: .env.local

   Creating an optimized production build ...
node.exe : Failed to compile
.
At line:1 char:1
+ & "C:\Program Files\nodejs
/node.exe" "C:\Program Files
\nodejs/node_mo ...
+ ~~~~~~~~~~~~~~~~~~~~~~~~~~
~~~~~~~~~~~~~~~~~~~~~~~~~~~~
~~~~~~~~~~~~~~~
    + CategoryInfo          
    : NotSpecified: (Faile  
  d to compile.:String) [   
 ], RemoteException
    + FullyQualifiedErrorId 
    : NativeCommandError
 

./src/components/dashboard/A
ddTransactionDialog.tsx
Error: 
  [31mx[0m You're importin
g a component that needs use
State. It only works in a Cl
ient Component but none of i
ts parents are marked with "
use client", so they're Serv
er Components by default.
  [31m|[0m Learn more: htt
ps://nextjs.org/docs/getting
-started/react-essentials
  [31m|[0m 
  [31m|[0m 
   ,-[[36;1;4mC:\Ai projekt
ek\Cashflow\src\components\d
ashboard\AddTransactionDialo
g.tsx[0m:1:1]
 [2m1[0m | import { useSta
te, useEffect } from 'react'
   : [31;1m         ^^^^^^^
^[0m
 [2m2[0m | import { Plus, 
ArrowRightLeft } from 'lucid
e-react'
 [2m3[0m | import { Button
 } from '@/components/ui/but
ton'
 [2m3[0m | import {
   `----

  [31mx[0m You're importin
g a component that needs use
Effect. It only works in a C
lient Component but none of 
its parents are marked with 
"use client", so they're Ser
ver Components by default.
  [31m|[0m Learn more: htt
ps://nextjs.org/docs/getting
-started/react-essentials
  [31m|[0m 
  [31m|[0m 
   ,-[[36;1;4mC:\Ai projekt
ek\Cashflow\src\components\d
ashboard\AddTransactionDialo
g.tsx[0m:1:1]
 [2m1[0m | import { useSta
te, useEffect } from 'react'
   : [31;1m                
   ^^^^^^^^^[0m
 [2m2[0m | import { Plus, 
ArrowRightLeft } from 'lucid
e-react'
 [2m3[0m | import { Button
 } from '@/components/ui/but
ton'
 [2m3[0m | import {
   `----

Import trace for requested m
odule:
./src/components/dashboard/A
ddTransactionDialog.tsx
./src/app/(dashboard)/transa
ctions/page.tsx


> Build failed because of we
bpack errors
